[TEST] Generate test...
Checking harness any_is_ok

[TEST] Run test...
test result: ok. 2 passed; 0 failed;
